// Jest Snapshot v1, https://goo.gl/fbAQLP

exports[`Testing ToDoFooter component Matches DOM Snapshot 1`] = `
<div
  className="footer"
>
  <span>
     Item left
  </span>
  <div>
    <button
      className="filterButton"
      onClick={[Function]}
      type="button"
    >
      All
    </button>
    <button
      className="filterButton"
      onClick={[Function]}
      type="button"
    >
      Active
    </button>
    <button
      className="filterButton"
      onClick={[Function]}
      type="button"
    >
      Completed
    </button>
  </div>
  <button
    className="completeAllButton"
    onClick={[Function]}
    type="button"
  >
    Clear Completed
  </button>
</div>
`;
