// Jest Snapshot v1, https://goo.gl/fbAQLP

exports[`Testing AddToDoForm component Matches DOM Snapshot 1`] = `
<div>
  <div
    class="card toDoForm"
  >
    <form>
      <div
        class="newToDoControls"
      >
        <div
          class="newToDoControl"
        >
          <input
            class="todo-input"
            placeholder="Please type your ToDO"
            type="text"
            value=""
          />
        </div>
        <div
          class="newToDoActions"
        >
          <button
            class="submit-todo-input"
            disabled=""
            type="button"
          >
            Save ToDo
          </button>
        </div>
      </div>
    </form>
  </div>
</div>
`;
